// Jest Snapshot v1, https://goo.gl/fbAQLP

exports[`ForecastDetails ForecastDetails-snapshot renders props correctly 1`] = `
<DocumentFragment>
  <div
    class="forecast-details"
    data-testid="forecast-details"
  >
    <div
      class="forecast-details__date"
    >
      Mon Apr 30 2018
    </div>
    <div
      class="forecast-details__maxTemperature"
    >
      Max Temperature: 11°C
    </div>
    <div
      class="forecast-details__minTemperature"
    >
      Min Temperature: 2°C
    </div>
    <div
      class="forecast-details__humidity"
    >
      Humidity: 10
    </div>
    <div
      class="forecast-details__windSpeed"
    >
      Wind Speed: 100
    </div>
    <div
      class="forecast-details__windDirection"
    >
      Wind Direction: South East
    </div>
  </div>
</DocumentFragment>
`;
